// Jest Snapshot v1, https://goo.gl/fbAQLP

exports[`SidebarFolder Component renders correctly with default props 1`] = `
<div>
  <div
    class="sc-jtQUzJ kWABCk"
  >
    <div
      class="sc-cEzcPc ljOJZs"
    >
      <div>
        <div
          data-testid="mock-arrowUp-icon"
        />
      </div>
      <div
        class="sc-ovuCP OABfI"
      >
        <div
          data-testid="mock-icon"
        >
          Icon
        </div>
        <span
          class="sc-eauhAA gnvTZn"
        >
          Test Folder
        </span>
         
        <div
          data-testid="card-single-setting"
        >
          <div
            data-testid="mock-kebab-icon"
          />
        </div>
      </div>
    </div>
  </div>
</div>
`;
