// Jest Snapshot v1, https://goo.gl/fbAQLP

exports[`Vault Component matches snapshot when action icons are clicked: after action icons clicked 1`] = `
<DocumentFragment>
  <div
    class="sc-blHHSb kJtQgs"
  >
    <div
      class="sc-gtLWhw bBbqdy"
    >
      <svg
        data-testid="lock-icon"
      />
      <div
        class="sc-egkSDF gHPxFP"
      >
        <span
          class="sc-fAUdSK hLsNmL"
        >
          vault-123
        </span>
        <p
          class="sc-dntaoT iUYSmE"
        >
          Created  formatted-date
        </p>
      </div>
    </div>
    <div
      class="sc-ivxoEo ehkgIB"
    >
      <span>
        <svg
          data-testid="share-icon"
        />
      </span>
      <span>
         
        <svg
          data-testid="brush-icon"
        />
      </span>
      <span>
        <svg
          data-testid="delete-icon"
        />
      </span>
    </div>
  </div>
</DocumentFragment>
`;

exports[`Vault Component matches snapshot when action icons are clicked: initial state 1`] = `
<DocumentFragment>
  <div
    class="sc-blHHSb kJtQgs"
  >
    <div
      class="sc-gtLWhw bBbqdy"
    >
      <svg
        data-testid="lock-icon"
      />
      <div
        class="sc-egkSDF gHPxFP"
      >
        <span
          class="sc-fAUdSK hLsNmL"
        >
          vault-123
        </span>
        <p
          class="sc-dntaoT iUYSmE"
        >
          Created  formatted-date
        </p>
      </div>
    </div>
    <div
      class="sc-ivxoEo ehkgIB"
    >
      <span>
        <svg
          data-testid="share-icon"
        />
      </span>
      <span>
         
        <svg
          data-testid="brush-icon"
        />
      </span>
      <span>
        <svg
          data-testid="delete-icon"
        />
      </span>
    </div>
  </div>
</DocumentFragment>
`;

exports[`Vault Component renders Vault component correctly and matches snapshot 1`] = `
<DocumentFragment>
  <div
    class="sc-blHHSb kJtQgs"
  >
    <div
      class="sc-gtLWhw bBbqdy"
    >
      <svg
        data-testid="lock-icon"
      />
      <div
        class="sc-egkSDF gHPxFP"
      >
        <span
          class="sc-fAUdSK hLsNmL"
        >
          vault-123
        </span>
        <p
          class="sc-dntaoT iUYSmE"
        >
          Created  formatted-date
        </p>
      </div>
    </div>
    <div
      class="sc-ivxoEo ehkgIB"
    >
      <span>
        <svg
          data-testid="share-icon"
        />
      </span>
      <span>
         
        <svg
          data-testid="brush-icon"
        />
      </span>
      <span>
        <svg
          data-testid="delete-icon"
        />
      </span>
    </div>
  </div>
</DocumentFragment>
`;
