// Jest Snapshot v1, https://goo.gl/fbAQLP

exports[`SettingsBlindPeersSection matches snapshot 1`] = `
<div>
  <div
    data-testid="card-single-setting"
  >
    <div>
      Blind peers
    </div>
    <div>
      <button
        data-testid="enable-blind-peers"
      >
        Enable Blind Peers
      </button>
      <button
        data-testid="disable-blind-peers"
      >
        Disable Blind Peers
      </button>
    </div>
  </div>
</div>
`;
