// Jest Snapshot v1, https://goo.gl/fbAQLP

exports[`SettingsReportSection matches snapshot 1`] = `
<div>
  <div
    class="sc-fhfEft enYCW"
  >
    <div
      class="sc-bAehkN ghYOwP"
    >
      <span
        class="sc-gahYZc jmcQNG"
      >
        Report Issue
      </span>
    </div>
    <div>
      <form
        class="sc-bjMIFn dnOnxq"
      >
        <textarea
          class="sc-ipUnzB gBywZB"
          placeholder="Describe the issue"
        />
        <div
          class="sc-dClGHI iAvMIo"
        >
          <button
            class="sc-ggWZvA SCphM"
            type="submit"
          >
             
            Submit
             
          </button>
        </div>
      </form>
    </div>
  </div>
</div>
`;
