// Jest Snapshot v1, https://goo.gl/fbAQLP

exports[`SidebarSearch Component renders correctly with default props 1`] = `
<div>
  <div
    class="sc-blHHSb YnzNX"
  >
    <label
      class="sc-gtLWhw fbWHTc"
    >
      <div
        data-testid="search-icon"
      >
        SearchIcon
      </div>
    </label>
    <input
      class="sc-egkSDF kTSzEc"
      placeholder="Search folder..."
      type="search"
      value=""
    />
  </div>
</div>
`;
