// Jest Snapshot v1, https://goo.gl/fbAQLP

exports[`RecordAvatar Component renders initials when no avatarSrc is provided 1`] = `
<div>
  <div
    class="sc-bRKDuR jcWdcv"
  >
    <div
      class="sc-hvigdm ecGdnT"
      color="#FF5500"
    >
       
      AB
       
    </div>
  </div>
</div>
`;
