// Jest Snapshot v1, https://goo.gl/fbAQLP

exports[`SettingsLanguageSection matches snapshot 1`] = `
<div>
  <div
    class="sc-blHHSb dmyuKp"
  >
    <div
      class="sc-gtLWhw gJBAZB"
    >
      <span
        class="sc-egkSDF cHIHMO"
      />
    </div>
    <div
      class="sc-fAUdSK kDtfPL"
    >
      <div
        class="sc-Rjrgp dIDLbO"
      >
        <div
          class="sc-fufdwm gsKsLG"
        >
          <span>
             
             
          </span>
          <svg
            fill="none"
            height="14"
            viewBox="0 0 15 15"
            width="14"
            xmlns="http://www.w3.org/2000/svg"
          >
            <path
              d="M0.76416 4.10742L6.91416 10.2574C6.95905 10.3053 7.01327 10.3434 7.07347 10.3694C7.13366 10.3955 7.19856 10.4089 7.26416 10.4089C7.32976 10.4089 7.39466 10.3955 7.45485 10.3694C7.51505 10.3434 7.56927 10.3053 7.61416 10.2574L13.7642 4.10742"
              stroke="#F6F6F6"
              stroke-linecap="round"
              stroke-linejoin="round"
            />
          </svg>
        </div>
      </div>
    </div>
  </div>
</div>
`;
