// Jest Snapshot v1, https://goo.gl/fbAQLP

exports[`SettingsTab Component renders correctly 1`] = `
<div>
  <div
    class="sc-egkSDF EfhNa"
  >
    <div
      data-testid="card-single-setting"
      data-title="Report a problem"
    >
      <form
        class="sc-blHHSb bGLDjz"
      >
        <textarea
          data-testid="text-area"
          data-variant="report"
          placeholder="Write your issue..."
        />
        <div
          class="sc-gtLWhw iLmiEo"
        >
          <button
            data-testid="button-secondary"
          >
             
            send
             
          </button>
        </div>
      </form>
    </div>
    <div
      data-testid="card-single-setting"
      data-title="Version"
    >
      <div
        class="sc-fAUdSK bSuksj"
      >
         
        0.0.8
         
      </div>
    </div>
  </div>
</div>
`;
